// Jest Snapshot v1, https://goo.gl/fbAQLP

exports[`Details when it has readonly flag does not render the Action button a Topic 1`] = `
.c1 {
  font-family: Inter,sans-serif;
  font-style: normal;
  font-weight: 500;
  color: #000;
  font-size: 24px;
  line-height: 32px;
}

.c0 {
  height: 56px;
  display: -webkit-box;
  display: -webkit-flex;
  display: -ms-flexbox;
  display: flex;
  -webkit-box-pack: justify;
  -webkit-justify-content: space-between;
  -ms-flex-pack: justify;
  justify-content: space-between;
  -webkit-align-items: center;
  -webkit-box-align: center;
  -ms-flex-align: center;
  align-items: center;
  padding: 0px 16px;
}

.c0 > div {
  display: -webkit-box;
  display: -webkit-flex;
  display: -ms-flexbox;
  display: flex;
  gap: 16px;
}

.c3 {
  display: -webkit-box;
  display: -webkit-flex;
  display: -ms-flexbox;
  display: flex;
  border-bottom: 1px #E3E6E8 solid;
}

.c3 a {
  height: 40px;
  width: 96px;
  display: -webkit-box;
  display: -webkit-flex;
  display: -ms-flexbox;
  display: flex;
  -webkit-box-pack: center;
  -webkit-justify-content: center;
  -ms-flex-pack: center;
  justify-content: center;
  -webkit-align-items: center;
  -webkit-box-align: center;
  -ms-flex-align: center;
  align-items: center;
  font-weight: 500;
  font-size: 14px;
  color: #73848C;
  border-bottom: 1px transparent solid;
}

.c3 a.is-active {
  border-bottom: 1px #4F4FFF solid;
  color: #171A1C;
}

.c3 a:hover:not(.is-active) {
  border-bottom: 1px transparent solid;
  color: #171A1C;
}

.c2 {
  display: -webkit-box;
  display: -webkit-flex;
  display: -ms-flexbox;
  display: flex;
  -webkit-box-pack: end;
  -webkit-justify-content: flex-end;
  -ms-flex-pack: end;
  justify-content: flex-end;
  -webkit-align-self: center;
  -ms-flex-item-align: center;
  align-self: center;
  gap: 26px;
}

<body>
  <div>
    <div>
      <div
        class="c0"
      >
        <h1
          class="c1"
        >
          __internal.topic
        </h1>
        <div>
          <div
            class="c2"
          />
        </div>
      </div>
      <nav
        class="c3"
        role="navigation"
      >
        <a
          href="/ui/clusters/local/topics/__internal.topic"
        >
          Overview
        </a>
        <a
          href="/ui/clusters/local/topics/__internal.topic/messages"
        >
          Messages
        </a>
        <a
          href="/ui/clusters/local/topics/__internal.topic/consumer-groups"
        >
          Consumers
        </a>
        <a
          href="/ui/clusters/local/topics/__internal.topic/settings"
        >
          Settings
        </a>
      </nav>
    </div>
  </div>
</body>
`;
